172.21.0.1 - - [31/Aug/2019:18:53:41 +0000] "GET / HTTP/1.1" 200 173 "-" "Mozilla/5.0 (Macintosh; Intel Mac OS X 10_13_4) AppleWebKit/537.36 (KHTML, like Gecko) Chrome/76.0.3809.100 Safari/537.36"
172.21.0.1 - - [31/Aug/2019:18:53:42 +0000] "GET /favicon.ico HTTP/1.1" 200 173 "http://test.local/" "Mozilla/5.0 (Macintosh; Intel Mac OS X 10_13_4) AppleWebKit/537.36 (KHTML, like Gecko) Chrome/76.0.3809.100 Safari/537.36"
172.21.0.1 - - [31/Aug/2019:19:04:08 +0000] "GET /?id=2 HTTP/1.1" 200 63 "-" "Mozilla/5.0 (Macintosh; Intel Mac OS X 10_13_4) AppleWebKit/537.36 (KHTML, like Gecko) Chrome/76.0.3809.100 Safari/537.36"
172.21.0.1 - - [31/Aug/2019:19:04:09 +0000] "GET /favicon.ico HTTP/1.1" 200 173 "http://test.local/?id=2" "Mozilla/5.0 (Macintosh; Intel Mac OS X 10_13_4) AppleWebKit/537.36 (KHTML, like Gecko) Chrome/76.0.3809.100 Safari/537.36"
172.21.0.1 - - [31/Aug/2019:19:04:11 +0000] "GET /?id=1 HTTP/1.1" 200 65 "-" "Mozilla/5.0 (Macintosh; Intel Mac OS X 10_13_4) AppleWebKit/537.36 (KHTML, like Gecko) Chrome/76.0.3809.100 Safari/537.36"
172.21.0.1 - - [31/Aug/2019:19:04:11 +0000] "GET /favicon.ico HTTP/1.1" 200 173 "http://test.local/?id=1" "Mozilla/5.0 (Macintosh; Intel Mac OS X 10_13_4) AppleWebKit/537.36 (KHTML, like Gecko) Chrome/76.0.3809.100 Safari/537.36"
172.21.0.1 - - [31/Aug/2019:19:04:15 +0000] "GET /?id=2 HTTP/1.1" 200 63 "-" "Mozilla/5.0 (Macintosh; Intel Mac OS X 10_13_4) AppleWebKit/537.36 (KHTML, like Gecko) Chrome/76.0.3809.100 Safari/537.36"
172.21.0.1 - - [31/Aug/2019:19:04:15 +0000] "GET /favicon.ico HTTP/1.1" 200 173 "http://test.local/?id=2" "Mozilla/5.0 (Macintosh; Intel Mac OS X 10_13_4) AppleWebKit/537.36 (KHTML, like Gecko) Chrome/76.0.3809.100 Safari/537.36"
172.21.0.1 - - [31/Aug/2019:19:04:18 +0000] "GET /?id=1 HTTP/1.1" 200 65 "-" "Mozilla/5.0 (Macintosh; Intel Mac OS X 10_13_4) AppleWebKit/537.36 (KHTML, like Gecko) Chrome/76.0.3809.100 Safari/537.36"
172.21.0.1 - - [31/Aug/2019:19:04:18 +0000] "GET /favicon.ico HTTP/1.1" 200 173 "http://test.local/?id=1" "Mozilla/5.0 (Macintosh; Intel Mac OS X 10_13_4) AppleWebKit/537.36 (KHTML, like Gecko) Chrome/76.0.3809.100 Safari/537.36"
172.21.0.1 - - [31/Aug/2019:19:04:26 +0000] "GET / HTTP/1.1" 200 173 "-" "Mozilla/5.0 (Macintosh; Intel Mac OS X 10_13_4) AppleWebKit/537.36 (KHTML, like Gecko) Chrome/76.0.3809.100 Safari/537.36"
172.21.0.1 - - [31/Aug/2019:19:04:26 +0000] "GET /favicon.ico HTTP/1.1" 200 173 "http://test.local/" "Mozilla/5.0 (Macintosh; Intel Mac OS X 10_13_4) AppleWebKit/537.36 (KHTML, like Gecko) Chrome/76.0.3809.100 Safari/537.36"
172.21.0.1 - - [31/Aug/2019:20:14:24 +0000] "POST /wp-admin/admin-ajax.php HTTP/1.1" 200 173 "http://localhost/wp-admin/admin.php?page=wc-settings&tab=woocommerce-newsletter-image-generator-settings&section=image_hashed_string_page" "Mozilla/5.0 (Macintosh; Intel Mac OS X 10_13_4) AppleWebKit/537.36 (KHTML, like Gecko) Chrome/76.0.3809.100 Safari/537.36"
172.21.0.1 - - [31/Aug/2019:20:14:24 +0000] "POST /wp-admin/admin-ajax.php HTTP/1.1" 200 173 "http://localhost/wp-admin/admin.php?page=wc-settings&tab=woocommerce-newsletter-image-generator-settings&section=image_hashed_string_page" "Mozilla/5.0 (Macintosh; Intel Mac OS X 10_13_4) AppleWebKit/537.36 (KHTML, like Gecko) Chrome/76.0.3809.100 Safari/537.36"
172.21.0.1 - - [31/Aug/2019:20:14:24 +0000] "POST /wp-admin/admin-ajax.php HTTP/1.1" 200 173 "http://localhost/wp-admin/admin.php?page=wc-settings&tab=products" "Mozilla/5.0 (Macintosh; Intel Mac OS X 10_13_4) AppleWebKit/537.36 (KHTML, like Gecko) Chrome/76.0.3809.100 Safari/537.36"
172.21.0.1 - - [31/Aug/2019:20:16:15 +0000] "GET / HTTP/1.1" 200 173 "-" "Mozilla/5.0 (Macintosh; Intel Mac OS X 10_13_4) AppleWebKit/537.36 (KHTML, like Gecko) Chrome/76.0.3809.100 Safari/537.36"
172.21.0.1 - - [31/Aug/2019:20:16:16 +0000] "GET /favicon.ico HTTP/1.1" 200 173 "http://localhost/" "Mozilla/5.0 (Macintosh; Intel Mac OS X 10_13_4) AppleWebKit/537.36 (KHTML, like Gecko) Chrome/76.0.3809.100 Safari/537.36"
172.21.0.1 - - [31/Aug/2019:20:16:19 +0000] "GET / HTTP/1.1" 200 173 "-" "Mozilla/5.0 (Macintosh; Intel Mac OS X 10_13_4) AppleWebKit/537.36 (KHTML, like Gecko) Chrome/76.0.3809.100 Safari/537.36"
172.21.0.1 - - [31/Aug/2019:20:16:19 +0000] "GET /favicon.ico HTTP/1.1" 200 173 "http://localhost/" "Mozilla/5.0 (Macintosh; Intel Mac OS X 10_13_4) AppleWebKit/537.36 (KHTML, like Gecko) Chrome/76.0.3809.100 Safari/537.36"
172.21.0.1 - - [31/Aug/2019:20:16:23 +0000] "POST /wp-admin/admin-ajax.php HTTP/1.1" 200 173 "http://localhost/wp-admin/admin.php?page=wc-settings&tab=woocommerce-newsletter-image-generator-settings&section=image_hashed_string_page" "Mozilla/5.0 (Macintosh; Intel Mac OS X 10_13_4) AppleWebKit/537.36 (KHTML, like Gecko) Chrome/76.0.3809.100 Safari/537.36"
172.21.0.1 - - [31/Aug/2019:20:16:24 +0000] "POST /wp-admin/admin-ajax.php HTTP/1.1" 200 173 "http://localhost/wp-admin/admin.php?page=wc-settings&tab=products" "Mozilla/5.0 (Macintosh; Intel Mac OS X 10_13_4) AppleWebKit/537.36 (KHTML, like Gecko) Chrome/76.0.3809.100 Safari/537.36"
172.21.0.1 - - [31/Aug/2019:20:16:24 +0000] "POST /wp-admin/admin-ajax.php HTTP/1.1" 200 173 "http://localhost/wp-admin/admin.php?page=wc-settings&tab=woocommerce-newsletter-image-generator-settings&section=image_hashed_string_page" "Mozilla/5.0 (Macintosh; Intel Mac OS X 10_13_4) AppleWebKit/537.36 (KHTML, like Gecko) Chrome/76.0.3809.100 Safari/537.36"
172.21.0.1 - - [31/Aug/2019:20:18:24 +0000] "POST /wp-admin/admin-ajax.php HTTP/1.1" 200 173 "http://localhost/wp-admin/admin.php?page=wc-settings&tab=products" "Mozilla/5.0 (Macintosh; Intel Mac OS X 10_13_4) AppleWebKit/537.36 (KHTML, like Gecko) Chrome/76.0.3809.100 Safari/537.36"
172.21.0.1 - - [31/Aug/2019:20:18:24 +0000] "POST /wp-admin/admin-ajax.php HTTP/1.1" 200 173 "http://localhost/wp-admin/admin.php?page=wc-settings&tab=woocommerce-newsletter-image-generator-settings&section=image_hashed_string_page" "Mozilla/5.0 (Macintosh; Intel Mac OS X 10_13_4) AppleWebKit/537.36 (KHTML, like Gecko) Chrome/76.0.3809.100 Safari/537.36"
172.21.0.1 - - [31/Aug/2019:20:18:25 +0000] "POST /wp-admin/admin-ajax.php HTTP/1.1" 200 173 "http://localhost/wp-admin/admin.php?page=wc-settings&tab=woocommerce-newsletter-image-generator-settings&section=image_hashed_string_page" "Mozilla/5.0 (Macintosh; Intel Mac OS X 10_13_4) AppleWebKit/537.36 (KHTML, like Gecko) Chrome/76.0.3809.100 Safari/537.36"
172.21.0.1 - - [31/Aug/2019:20:20:24 +0000] "POST /wp-admin/admin-ajax.php HTTP/1.1" 200 173 "http://localhost/wp-admin/admin.php?page=wc-settings&tab=products" "Mozilla/5.0 (Macintosh; Intel Mac OS X 10_13_4) AppleWebKit/537.36 (KHTML, like Gecko) Chrome/76.0.3809.100 Safari/537.36"
172.21.0.1 - - [31/Aug/2019:20:20:25 +0000] "POST /wp-admin/admin-ajax.php HTTP/1.1" 200 173 "http://localhost/wp-admin/admin.php?page=wc-settings&tab=woocommerce-newsletter-image-generator-settings&section=image_hashed_string_page" "Mozilla/5.0 (Macintosh; Intel Mac OS X 10_13_4) AppleWebKit/537.36 (KHTML, like Gecko) Chrome/76.0.3809.100 Safari/537.36"
172.21.0.1 - - [31/Aug/2019:20:20:26 +0000] "POST /wp-admin/admin-ajax.php HTTP/1.1" 200 173 "http://localhost/wp-admin/admin.php?page=wc-settings&tab=woocommerce-newsletter-image-generator-settings&section=image_hashed_string_page" "Mozilla/5.0 (Macintosh; Intel Mac OS X 10_13_4) AppleWebKit/537.36 (KHTML, like Gecko) Chrome/76.0.3809.100 Safari/537.36"
172.21.0.1 - - [31/Aug/2019:20:21:43 +0000] "GET / HTTP/1.1" 200 173 "-" "Mozilla/5.0 (Macintosh; Intel Mac OS X 10_13_4) AppleWebKit/537.36 (KHTML, like Gecko) Chrome/76.0.3809.100 Safari/537.36"
172.21.0.1 - - [31/Aug/2019:20:21:44 +0000] "GET / HTTP/1.1" 200 173 "-" "Mozilla/5.0 (Macintosh; Intel Mac OS X 10_13_4) AppleWebKit/537.36 (KHTML, like Gecko) Chrome/76.0.3809.100 Safari/537.36"
172.21.0.1 - - [31/Aug/2019:20:21:44 +0000] "GET /favicon.ico HTTP/1.1" 200 173 "http://localhost/" "Mozilla/5.0 (Macintosh; Intel Mac OS X 10_13_4) AppleWebKit/537.36 (KHTML, like Gecko) Chrome/76.0.3809.100 Safari/537.36"
172.21.0.1 - - [31/Aug/2019:20:22:26 +0000] "POST /wp-admin/admin-ajax.php HTTP/1.1" 200 173 "http://localhost/wp-admin/admin.php?page=wc-settings&tab=woocommerce-newsletter-image-generator-settings&section=image_hashed_string_page" "Mozilla/5.0 (Macintosh; Intel Mac OS X 10_13_4) AppleWebKit/537.36 (KHTML, like Gecko) Chrome/76.0.3809.100 Safari/537.36"
172.21.0.1 - - [31/Aug/2019:20:22:27 +0000] "POST /wp-admin/admin-ajax.php HTTP/1.1" 200 173 "http://localhost/wp-admin/admin.php?page=wc-settings&tab=products" "Mozilla/5.0 (Macintosh; Intel Mac OS X 10_13_4) AppleWebKit/537.36 (KHTML, like Gecko) Chrome/76.0.3809.100 Safari/537.36"
172.21.0.1 - - [31/Aug/2019:20:22:27 +0000] "POST /wp-admin/admin-ajax.php HTTP/1.1" 200 173 "http://localhost/wp-admin/admin.php?page=wc-settings&tab=woocommerce-newsletter-image-generator-settings&section=image_hashed_string_page" "Mozilla/5.0 (Macintosh; Intel Mac OS X 10_13_4) AppleWebKit/537.36 (KHTML, like Gecko) Chrome/76.0.3809.100 Safari/537.36"
172.21.0.1 - - [31/Aug/2019:20:24:27 +0000] "POST /wp-admin/admin-ajax.php HTTP/1.1" 200 173 "http://localhost/wp-admin/admin.php?page=wc-settings&tab=woocommerce-newsletter-image-generator-settings&section=image_hashed_string_page" "Mozilla/5.0 (Macintosh; Intel Mac OS X 10_13_4) AppleWebKit/537.36 (KHTML, like Gecko) Chrome/76.0.3809.100 Safari/537.36"
172.21.0.1 - - [31/Aug/2019:20:27:17 +0000] "POST /wp-admin/admin-ajax.php HTTP/1.1" 200 173 "http://localhost/wp-admin/upload.php" "Mozilla/5.0 (Macintosh; Intel Mac OS X 10_13_4) AppleWebKit/537.36 (KHTML, like Gecko) Chrome/76.0.3809.100 Safari/537.36"
172.21.0.1 - - [31/Aug/2019:20:29:18 +0000] "POST /wp-admin/admin-ajax.php HTTP/1.1" 200 173 "http://localhost/wp-admin/upload.php" "Mozilla/5.0 (Macintosh; Intel Mac OS X 10_13_4) AppleWebKit/537.36 (KHTML, like Gecko) Chrome/76.0.3809.100 Safari/537.36"
172.21.0.1 - - [31/Aug/2019:20:31:19 +0000] "POST /wp-admin/admin-ajax.php HTTP/1.1" 200 173 "http://localhost/wp-admin/upload.php" "Mozilla/5.0 (Macintosh; Intel Mac OS X 10_13_4) AppleWebKit/537.36 (KHTML, like Gecko) Chrome/76.0.3809.100 Safari/537.36"
172.21.0.2 - - [31/Aug/2019:20:32:33 +0000] "GET / HTTP/1.1" 200 173 "-" "GuzzleHttp/6.3.3 curl/7.64.0 PHP/7.1.30"
172.21.0.2 - - [31/Aug/2019:20:33:05 +0000] "GET / HTTP/1.1" 200 173 "-" "GuzzleHttp/6.3.3 curl/7.64.0 PHP/7.1.30"
172.21.0.1 - - [31/Aug/2019:20:33:19 +0000] "POST /wp-admin/admin-ajax.php HTTP/1.1" 200 173 "http://localhost/wp-admin/upload.php" "Mozilla/5.0 (Macintosh; Intel Mac OS X 10_13_4) AppleWebKit/537.36 (KHTML, like Gecko) Chrome/76.0.3809.100 Safari/537.36"
172.21.0.2 - - [31/Aug/2019:20:33:59 +0000] "GET / HTTP/1.1" 200 173 "-" "GuzzleHttp/6.3.3 curl/7.64.0 PHP/7.1.30"
172.21.0.2 - - [31/Aug/2019:20:35:02 +0000] "GET / HTTP/1.1" 200 173 "-" "GuzzleHttp/6.3.3 curl/7.64.0 PHP/7.1.30"
172.21.0.2 - - [31/Aug/2019:20:35:10 +0000] "GET / HTTP/1.1" 200 173 "-" "GuzzleHttp/6.3.3 curl/7.64.0 PHP/7.1.30"
172.21.0.1 - - [31/Aug/2019:20:35:19 +0000] "POST /wp-admin/admin-ajax.php HTTP/1.1" 200 173 "http://localhost/wp-admin/upload.php" "Mozilla/5.0 (Macintosh; Intel Mac OS X 10_13_4) AppleWebKit/537.36 (KHTML, like Gecko) Chrome/76.0.3809.100 Safari/537.36"
172.21.0.2 - - [31/Aug/2019:20:35:23 +0000] "GET / HTTP/1.1" 200 173 "-" "GuzzleHttp/6.3.3 curl/7.64.0 PHP/7.1.30"
172.21.0.2 - - [31/Aug/2019:20:35:35 +0000] "GET / HTTP/1.1" 200 173 "-" "GuzzleHttp/6.3.3 curl/7.64.0 PHP/7.1.30"
172.21.0.2 - - [31/Aug/2019:20:35:58 +0000] "GET / HTTP/1.1" 200 173 "-" "GuzzleHttp/6.3.3 curl/7.64.0 PHP/7.1.30"
172.21.0.1 - - [31/Aug/2019:20:37:20 +0000] "POST /wp-admin/admin-ajax.php HTTP/1.1" 200 173 "http://localhost/wp-admin/upload.php" "Mozilla/5.0 (Macintosh; Intel Mac OS X 10_13_4) AppleWebKit/537.36 (KHTML, like Gecko) Chrome/76.0.3809.100 Safari/537.36"
172.21.0.2 - - [31/Aug/2019:20:37:35 +0000] "GET / HTTP/1.1" 200 173 "-" "GuzzleHttp/6.3.3 curl/7.64.0 PHP/7.1.30"
172.21.0.2 - - [31/Aug/2019:20:38:36 +0000] "GET / HTTP/1.1" 200 173 "-" "GuzzleHttp/6.3.3 curl/7.64.0 PHP/7.1.30"
172.21.0.2 - - [31/Aug/2019:20:40:03 +0000] "GET / HTTP/1.1" 200 173 "-" "GuzzleHttp/6.3.3 curl/7.64.0 PHP/7.1.30"
172.21.0.2 - - [31/Aug/2019:20:40:45 +0000] "GET / HTTP/1.1" 200 173 "-" "GuzzleHttp/6.3.3 curl/7.64.0 PHP/7.1.30"
172.21.0.2 - - [31/Aug/2019:20:42:03 +0000] "GET / HTTP/1.1" 200 173 "-" "GuzzleHttp/6.3.3 curl/7.64.0 PHP/7.1.30"
172.21.0.2 - - [31/Aug/2019:20:42:03 +0000] "GET / HTTP/1.1" 200 173 "-" "GuzzleHttp/6.3.3 curl/7.64.0 PHP/7.1.30"
172.21.0.2 - - [31/Aug/2019:20:42:16 +0000] "GET / HTTP/1.1" 200 173 "-" "GuzzleHttp/6.3.3 curl/7.64.0 PHP/7.1.30"
172.21.0.2 - - [31/Aug/2019:20:42:16 +0000] "GET / HTTP/1.1" 200 173 "-" "GuzzleHttp/6.3.3 curl/7.64.0 PHP/7.1.30"
172.21.0.2 - - [31/Aug/2019:20:43:35 +0000] "GET / HTTP/1.1" 200 173 "-" "GuzzleHttp/6.3.3 curl/7.64.0 PHP/7.1.30"
172.21.0.2 - - [31/Aug/2019:20:43:45 +0000] "GET / HTTP/1.1" 200 173 "-" "GuzzleHttp/6.3.3 curl/7.64.0 PHP/7.1.30"
172.21.0.2 - - [31/Aug/2019:20:43:45 +0000] "GET / HTTP/1.1" 200 173 "-" "GuzzleHttp/6.3.3 curl/7.64.0 PHP/7.1.30"
172.21.0.2 - - [31/Aug/2019:20:44:05 +0000] "GET / HTTP/1.1" 200 173 "-" "GuzzleHttp/6.3.3 curl/7.64.0 PHP/7.1.30"
172.21.0.2 - - [31/Aug/2019:20:44:05 +0000] "GET / HTTP/1.1" 200 173 "-" "GuzzleHttp/6.3.3 curl/7.64.0 PHP/7.1.30"
172.21.0.1 - - [31/Aug/2019:20:44:17 +0000] "GET / HTTP/1.1" 200 173 "-" "Mozilla/5.0 (Macintosh; Intel Mac OS X 10_13_4) AppleWebKit/537.36 (KHTML, like Gecko) Chrome/76.0.3809.100 Safari/537.36"
172.21.0.1 - - [31/Aug/2019:20:44:17 +0000] "GET /favicon.ico HTTP/1.1" 200 173 "http://localhost/" "Mozilla/5.0 (Macintosh; Intel Mac OS X 10_13_4) AppleWebKit/537.36 (KHTML, like Gecko) Chrome/76.0.3809.100 Safari/537.36"
172.21.0.1 - - [31/Aug/2019:20:44:26 +0000] "GET /?id=1 HTTP/1.1" 200 65 "-" "Mozilla/5.0 (Macintosh; Intel Mac OS X 10_13_4) AppleWebKit/537.36 (KHTML, like Gecko) Chrome/76.0.3809.100 Safari/537.36"
172.21.0.1 - - [31/Aug/2019:20:44:26 +0000] "GET /favicon.ico HTTP/1.1" 200 173 "http://localhost/?id=1" "Mozilla/5.0 (Macintosh; Intel Mac OS X 10_13_4) AppleWebKit/537.36 (KHTML, like Gecko) Chrome/76.0.3809.100 Safari/537.36"
172.21.0.2 - - [31/Aug/2019:20:44:43 +0000] "GET / HTTP/1.1" 200 173 "-" "GuzzleHttp/6.3.3 curl/7.64.0 PHP/7.1.30"
172.21.0.2 - - [31/Aug/2019:20:44:43 +0000] "GET /?id=1 HTTP/1.1" 200 65 "-" "GuzzleHttp/6.3.3 curl/7.64.0 PHP/7.1.30"
172.21.0.2 - - [31/Aug/2019:20:44:53 +0000] "GET / HTTP/1.1" 200 173 "-" "GuzzleHttp/6.3.3 curl/7.64.0 PHP/7.1.30"
172.21.0.2 - - [31/Aug/2019:20:44:53 +0000] "GET /?id=1 HTTP/1.1" 200 65 "-" "GuzzleHttp/6.3.3 curl/7.64.0 PHP/7.1.30"
172.21.0.2 - - [31/Aug/2019:20:44:57 +0000] "GET / HTTP/1.1" 200 173 "-" "GuzzleHttp/6.3.3 curl/7.64.0 PHP/7.1.30"
172.21.0.2 - - [31/Aug/2019:20:45:08 +0000] "GET / HTTP/1.1" 200 173 "-" "GuzzleHttp/6.3.3 curl/7.64.0 PHP/7.1.30"
172.21.0.2 - - [31/Aug/2019:20:45:08 +0000] "GET /?id=1 HTTP/1.1" 200 65 "-" "GuzzleHttp/6.3.3 curl/7.64.0 PHP/7.1.30"
172.21.0.2 - - [31/Aug/2019:20:45:28 +0000] "GET / HTTP/1.1" 200 173 "-" "GuzzleHttp/6.3.3 curl/7.64.0 PHP/7.1.30"
172.21.0.2 - - [31/Aug/2019:20:45:28 +0000] "GET /?id=1 HTTP/1.1" 200 65 "-" "GuzzleHttp/6.3.3 curl/7.64.0 PHP/7.1.30"
172.21.0.2 - - [31/Aug/2019:20:45:41 +0000] "GET / HTTP/1.1" 200 173 "-" "GuzzleHttp/6.3.3 curl/7.64.0 PHP/7.1.30"
172.21.0.2 - - [31/Aug/2019:20:45:41 +0000] "GET /?id=1 HTTP/1.1" 200 65 "-" "GuzzleHttp/6.3.3 curl/7.64.0 PHP/7.1.30"
172.21.0.2 - - [31/Aug/2019:20:45:55 +0000] "GET / HTTP/1.1" 200 173 "-" "GuzzleHttp/6.3.3 curl/7.64.0 PHP/7.1.30"
172.21.0.2 - - [31/Aug/2019:20:45:55 +0000] "GET /?id=1 HTTP/1.1" 200 65 "-" "GuzzleHttp/6.3.3 curl/7.64.0 PHP/7.1.30"
172.21.0.2 - - [31/Aug/2019:20:49:59 +0000] "GET / HTTP/1.1" 200 173 "-" "GuzzleHttp/6.3.3 curl/7.64.0 PHP/7.1.30"
172.21.0.2 - - [31/Aug/2019:20:49:59 +0000] "GET /?id=1 HTTP/1.1" 200 65 "-" "GuzzleHttp/6.3.3 curl/7.64.0 PHP/7.1.30"
172.21.0.2 - - [31/Aug/2019:20:49:59 +0000] "GET /?id=122222222 HTTP/1.1" 200 30 "-" "GuzzleHttp/6.3.3 curl/7.64.0 PHP/7.1.30"
172.21.0.2 - - [31/Aug/2019:20:50:13 +0000] "GET / HTTP/1.1" 200 173 "-" "GuzzleHttp/6.3.3 curl/7.64.0 PHP/7.1.30"
172.21.0.2 - - [31/Aug/2019:20:50:13 +0000] "GET /?id=1 HTTP/1.1" 200 65 "-" "GuzzleHttp/6.3.3 curl/7.64.0 PHP/7.1.30"
172.21.0.2 - - [31/Aug/2019:20:50:13 +0000] "GET /?id=122222222 HTTP/1.1" 200 30 "-" "GuzzleHttp/6.3.3 curl/7.64.0 PHP/7.1.30"
172.21.0.2 - - [31/Aug/2019:20:50:28 +0000] "GET / HTTP/1.1" 200 173 "-" "GuzzleHttp/6.3.3 curl/7.64.0 PHP/7.1.30"
172.21.0.2 - - [31/Aug/2019:20:50:28 +0000] "GET /?id=1 HTTP/1.1" 200 65 "-" "GuzzleHttp/6.3.3 curl/7.64.0 PHP/7.1.30"
172.21.0.2 - - [31/Aug/2019:20:50:28 +0000] "GET /?id=122222222 HTTP/1.1" 200 30 "-" "GuzzleHttp/6.3.3 curl/7.64.0 PHP/7.1.30"
172.21.0.2 - - [31/Aug/2019:21:21:46 +0000] "GET / HTTP/1.1" 200 173 "-" "GuzzleHttp/6.3.3 curl/7.64.0 PHP/7.1.30"
172.21.0.2 - - [31/Aug/2019:21:21:46 +0000] "GET /?id=1 HTTP/1.1" 200 65 "-" "GuzzleHttp/6.3.3 curl/7.64.0 PHP/7.1.30"
172.21.0.2 - - [31/Aug/2019:21:21:47 +0000] "GET /?id=122222222 HTTP/1.1" 200 30 "-" "GuzzleHttp/6.3.3 curl/7.64.0 PHP/7.1.30"
172.21.0.2 - - [31/Aug/2019:21:32:56 +0000] "GET / HTTP/1.1" 200 501 "-" "GuzzleHttp/6.3.3 curl/7.64.0 PHP/7.1.30"
172.21.0.2 - - [31/Aug/2019:21:32:57 +0000] "GET /?id=1 HTTP/1.1" 200 65 "-" "GuzzleHttp/6.3.3 curl/7.64.0 PHP/7.1.30"
172.21.0.2 - - [31/Aug/2019:21:32:57 +0000] "GET /?id=122222222 HTTP/1.1" 200 30 "-" "GuzzleHttp/6.3.3 curl/7.64.0 PHP/7.1.30"
172.21.0.2 - - [31/Aug/2019:21:33:16 +0000] "GET / HTTP/1.1" 200 2478 "-" "GuzzleHttp/6.3.3 curl/7.64.0 PHP/7.1.30"
172.21.0.2 - - [31/Aug/2019:21:33:17 +0000] "GET /?id=1 HTTP/1.1" 200 2478 "-" "GuzzleHttp/6.3.3 curl/7.64.0 PHP/7.1.30"
172.21.0.2 - - [31/Aug/2019:21:33:17 +0000] "GET /?id=122222222 HTTP/1.1" 200 2478 "-" "GuzzleHttp/6.3.3 curl/7.64.0 PHP/7.1.30"
172.21.0.2 - - [31/Aug/2019:21:34:13 +0000] "GET / HTTP/1.1" 200 501 "-" "GuzzleHttp/6.3.3 curl/7.64.0 PHP/7.1.30"
172.21.0.2 - - [31/Aug/2019:21:34:14 +0000] "GET /?id=1 HTTP/1.1" 200 65 "-" "GuzzleHttp/6.3.3 curl/7.64.0 PHP/7.1.30"
172.21.0.2 - - [31/Aug/2019:21:34:14 +0000] "GET /?id=122222222 HTTP/1.1" 200 30 "-" "GuzzleHttp/6.3.3 curl/7.64.0 PHP/7.1.30"
172.21.0.2 - - [31/Aug/2019:21:34:41 +0000] "GET / HTTP/1.1" 200 501 "-" "GuzzleHttp/6.3.3 curl/7.64.0 PHP/7.1.30"
172.21.0.2 - - [31/Aug/2019:21:34:41 +0000] "GET /?id=1 HTTP/1.1" 200 65 "-" "GuzzleHttp/6.3.3 curl/7.64.0 PHP/7.1.30"
172.21.0.2 - - [31/Aug/2019:21:34:42 +0000] "GET /?id=122222222 HTTP/1.1" 200 30 "-" "GuzzleHttp/6.3.3 curl/7.64.0 PHP/7.1.30"
172.21.0.2 - - [31/Aug/2019:21:35:50 +0000] "GET / HTTP/1.1" 200 198 "-" "GuzzleHttp/6.3.3 curl/7.64.0 PHP/7.1.30"
172.21.0.2 - - [31/Aug/2019:21:35:50 +0000] "GET /?id=1 HTTP/1.1" 200 65 "-" "GuzzleHttp/6.3.3 curl/7.64.0 PHP/7.1.30"
172.21.0.2 - - [31/Aug/2019:21:35:50 +0000] "GET /?id=122222222 HTTP/1.1" 200 30 "-" "GuzzleHttp/6.3.3 curl/7.64.0 PHP/7.1.30"
172.21.0.1 - - [31/Aug/2019:21:35:56 +0000] "GET /?id=1 HTTP/1.1" 200 65 "-" "Mozilla/5.0 (Macintosh; Intel Mac OS X 10_13_4) AppleWebKit/537.36 (KHTML, like Gecko) Chrome/76.0.3809.100 Safari/537.36"
172.21.0.1 - - [31/Aug/2019:21:35:56 +0000] "GET /favicon.ico HTTP/1.1" 200 198 "http://localhost/?id=1" "Mozilla/5.0 (Macintosh; Intel Mac OS X 10_13_4) AppleWebKit/537.36 (KHTML, like Gecko) Chrome/76.0.3809.100 Safari/537.36"
172.21.0.1 - - [31/Aug/2019:21:35:58 +0000] "GET /?id=1 HTTP/1.1" 200 65 "-" "Mozilla/5.0 (Macintosh; Intel Mac OS X 10_13_4) AppleWebKit/537.36 (KHTML, like Gecko) Chrome/76.0.3809.100 Safari/537.36"
172.21.0.1 - - [31/Aug/2019:21:35:58 +0000] "GET /favicon.ico HTTP/1.1" 200 198 "http://localhost/?id=1" "Mozilla/5.0 (Macintosh; Intel Mac OS X 10_13_4) AppleWebKit/537.36 (KHTML, like Gecko) Chrome/76.0.3809.100 Safari/537.36"
172.21.0.1 - - [31/Aug/2019:21:36:01 +0000] "GET / HTTP/1.1" 200 198 "-" "Mozilla/5.0 (Macintosh; Intel Mac OS X 10_13_4) AppleWebKit/537.36 (KHTML, like Gecko) Chrome/76.0.3809.100 Safari/537.36"
172.21.0.1 - - [31/Aug/2019:21:36:01 +0000] "GET /favicon.ico HTTP/1.1" 200 198 "http://localhost/" "Mozilla/5.0 (Macintosh; Intel Mac OS X 10_13_4) AppleWebKit/537.36 (KHTML, like Gecko) Chrome/76.0.3809.100 Safari/537.36"
172.21.0.1 - - [31/Aug/2019:21:36:04 +0000] "GET / HTTP/1.1" 200 501 "-" "Mozilla/5.0 (Macintosh; Intel Mac OS X 10_13_4) AppleWebKit/537.36 (KHTML, like Gecko) Chrome/76.0.3809.100 Safari/537.36"
172.21.0.1 - - [31/Aug/2019:21:36:05 +0000] "GET /favicon.ico HTTP/1.1" 200 501 "http://localhost/" "Mozilla/5.0 (Macintosh; Intel Mac OS X 10_13_4) AppleWebKit/537.36 (KHTML, like Gecko) Chrome/76.0.3809.100 Safari/537.36"
172.21.0.1 - - [31/Aug/2019:21:37:25 +0000] "GET / HTTP/1.1" 200 501 "-" "Mozilla/5.0 (Macintosh; Intel Mac OS X 10_13_4) AppleWebKit/537.36 (KHTML, like Gecko) Chrome/76.0.3809.100 Safari/537.36"
172.21.0.1 - - [31/Aug/2019:21:37:26 +0000] "GET /favicon.ico HTTP/1.1" 200 501 "http://localhost/" "Mozilla/5.0 (Macintosh; Intel Mac OS X 10_13_4) AppleWebKit/537.36 (KHTML, like Gecko) Chrome/76.0.3809.100 Safari/537.36"
172.21.0.1 - - [31/Aug/2019:21:37:30 +0000] "GET / HTTP/1.1" 200 230 "-" "Mozilla/5.0 (Macintosh; Intel Mac OS X 10_13_4) AppleWebKit/537.36 (KHTML, like Gecko) Chrome/76.0.3809.100 Safari/537.36"
172.21.0.1 - - [31/Aug/2019:21:37:31 +0000] "GET /favicon.ico HTTP/1.1" 200 230 "http://localhost/" "Mozilla/5.0 (Macintosh; Intel Mac OS X 10_13_4) AppleWebKit/537.36 (KHTML, like Gecko) Chrome/76.0.3809.100 Safari/537.36"
172.21.0.1 - - [31/Aug/2019:21:37:41 +0000] "GET / HTTP/1.1" 200 236756 "-" "Mozilla/5.0 (Macintosh; Intel Mac OS X 10_13_4) AppleWebKit/537.36 (KHTML, like Gecko) Chrome/76.0.3809.100 Safari/537.36"
172.21.0.1 - - [31/Aug/2019:21:37:42 +0000] "GET /favicon.ico HTTP/1.1" 200 236762 "http://localhost/" "Mozilla/5.0 (Macintosh; Intel Mac OS X 10_13_4) AppleWebKit/537.36 (KHTML, like Gecko) Chrome/76.0.3809.100 Safari/537.36"
172.21.0.1 - - [31/Aug/2019:21:37:44 +0000] "GET / HTTP/1.1" 200 230 "-" "Mozilla/5.0 (Macintosh; Intel Mac OS X 10_13_4) AppleWebKit/537.36 (KHTML, like Gecko) Chrome/76.0.3809.100 Safari/537.36"
172.21.0.1 - - [31/Aug/2019:21:37:45 +0000] "GET /favicon.ico HTTP/1.1" 200 230 "http://localhost/" "Mozilla/5.0 (Macintosh; Intel Mac OS X 10_13_4) AppleWebKit/537.36 (KHTML, like Gecko) Chrome/76.0.3809.100 Safari/537.36"
172.21.0.2 - - [31/Aug/2019:21:41:47 +0000] "GET / HTTP/1.1" 200 230 "-" "GuzzleHttp/6.3.3 curl/7.64.0 PHP/7.1.30"
172.21.0.2 - - [31/Aug/2019:21:41:47 +0000] "GET /?id=1 HTTP/1.1" 200 65 "-" "GuzzleHttp/6.3.3 curl/7.64.0 PHP/7.1.30"
172.21.0.2 - - [31/Aug/2019:21:41:48 +0000] "GET /?id=122222222 HTTP/1.1" 200 30 "-" "GuzzleHttp/6.3.3 curl/7.64.0 PHP/7.1.30"
172.21.0.2 - - [31/Aug/2019:21:42:31 +0000] "GET / HTTP/1.1" 200 173 "-" "GuzzleHttp/6.3.3 curl/7.64.0 PHP/7.1.30"
172.21.0.2 - - [31/Aug/2019:21:42:31 +0000] "GET /?id=1 HTTP/1.1" 200 65 "-" "GuzzleHttp/6.3.3 curl/7.64.0 PHP/7.1.30"
172.21.0.2 - - [31/Aug/2019:21:42:31 +0000] "GET /?id=122222222 HTTP/1.1" 200 30 "-" "GuzzleHttp/6.3.3 curl/7.64.0 PHP/7.1.30"
172.21.0.1 - - [31/Aug/2019:21:47:36 +0000] "POST /wp-admin/admin-ajax.php HTTP/1.1" 200 173 "http://localhost/wp-admin/admin.php?page=wc-settings&tab=products" "Mozilla/5.0 (Macintosh; Intel Mac OS X 10_13_4) AppleWebKit/537.36 (KHTML, like Gecko) Chrome/76.0.3809.100 Safari/537.36"
172.21.0.1 - - [31/Aug/2019:21:47:38 +0000] "POST /wp-admin/admin-ajax.php HTTP/1.1" 200 173 "http://localhost/wp-admin/admin.php?page=wc-settings&tab=woocommerce-newsletter-image-generator-settings&section=image_hashed_string_page" "Mozilla/5.0 (Macintosh; Intel Mac OS X 10_13_4) AppleWebKit/537.36 (KHTML, like Gecko) Chrome/76.0.3809.100 Safari/537.36"
172.21.0.1 - - [31/Aug/2019:21:47:39 +0000] "POST /wp-admin/admin-ajax.php HTTP/1.1" 200 173 "http://localhost/wp-admin/upload.php" "Mozilla/5.0 (Macintosh; Intel Mac OS X 10_13_4) AppleWebKit/537.36 (KHTML, like Gecko) Chrome/76.0.3809.100 Safari/537.36"
172.21.0.1 - - [31/Aug/2019:21:47:42 +0000] "GET / HTTP/1.1" 200 173 "-" "Mozilla/5.0 (Macintosh; Intel Mac OS X 10_13_4) AppleWebKit/537.36 (KHTML, like Gecko) Chrome/76.0.3809.100 Safari/537.36"
172.21.0.1 - - [31/Aug/2019:21:47:42 +0000] "GET /favicon.ico HTTP/1.1" 200 173 "http://localhost/" "Mozilla/5.0 (Macintosh; Intel Mac OS X 10_13_4) AppleWebKit/537.36 (KHTML, like Gecko) Chrome/76.0.3809.100 Safari/537.36"
172.21.0.1 - - [31/Aug/2019:21:48:38 +0000] "POST /wp-admin/admin-ajax.php HTTP/1.1" 200 173 "http://localhost/wp-admin/admin.php?page=wc-settings&tab=woocommerce-newsletter-image-generator-settings&section=image_hashed_string_page" "Mozilla/5.0 (Macintosh; Intel Mac OS X 10_13_4) AppleWebKit/537.36 (KHTML, like Gecko) Chrome/76.0.3809.100 Safari/537.36"
172.21.0.1 - - [31/Aug/2019:21:48:38 +0000] "POST /wp-admin/admin-ajax.php HTTP/1.1" 200 173 "http://localhost/wp-admin/admin.php?page=wc-settings&tab=products" "Mozilla/5.0 (Macintosh; Intel Mac OS X 10_13_4) AppleWebKit/537.36 (KHTML, like Gecko) Chrome/76.0.3809.100 Safari/537.36"
172.21.0.1 - - [31/Aug/2019:21:48:40 +0000] "POST /wp-admin/admin-ajax.php HTTP/1.1" 200 173 "http://localhost/wp-admin/upload.php" "Mozilla/5.0 (Macintosh; Intel Mac OS X 10_13_4) AppleWebKit/537.36 (KHTML, like Gecko) Chrome/76.0.3809.100 Safari/537.36"
172.21.0.2 - - [31/Aug/2019:21:50:05 +0000] "GET / HTTP/1.1" 200 12 "-" "GuzzleHttp/6.3.3 curl/7.64.0 PHP/7.1.30"
172.21.0.2 - - [31/Aug/2019:21:50:06 +0000] "GET /?id=1 HTTP/1.1" 200 12 "-" "GuzzleHttp/6.3.3 curl/7.64.0 PHP/7.1.30"
172.21.0.2 - - [31/Aug/2019:21:50:06 +0000] "GET /?id=122222222 HTTP/1.1" 200 12 "-" "GuzzleHttp/6.3.3 curl/7.64.0 PHP/7.1.30"
172.21.0.1 - - [31/Aug/2019:21:50:39 +0000] "POST /wp-admin/admin-ajax.php HTTP/1.1" 200 12 "http://localhost/wp-admin/admin.php?page=wc-settings&tab=woocommerce-newsletter-image-generator-settings&section=image_hashed_string_page" "Mozilla/5.0 (Macintosh; Intel Mac OS X 10_13_4) AppleWebKit/537.36 (KHTML, like Gecko) Chrome/76.0.3809.100 Safari/537.36"
172.21.0.1 - - [31/Aug/2019:21:50:41 +0000] "POST /wp-admin/admin-ajax.php HTTP/1.1" 200 12 "http://localhost/wp-admin/upload.php" "Mozilla/5.0 (Macintosh; Intel Mac OS X 10_13_4) AppleWebKit/537.36 (KHTML, like Gecko) Chrome/76.0.3809.100 Safari/537.36"
172.21.0.1 - - [31/Aug/2019:21:50:46 +0000] "POST /wp-admin/admin-ajax.php HTTP/1.1" 200 12 "http://localhost/wp-admin/admin.php?page=wc-settings&tab=products" "Mozilla/5.0 (Macintosh; Intel Mac OS X 10_13_4) AppleWebKit/537.36 (KHTML, like Gecko) Chrome/76.0.3809.100 Safari/537.36"
172.21.0.2 - - [31/Aug/2019:21:51:25 +0000] "GET / HTTP/1.1" 200 173 "-" "GuzzleHttp/6.3.3 curl/7.64.0 PHP/7.1.30"
172.21.0.2 - - [31/Aug/2019:21:51:25 +0000] "GET /?id=1 HTTP/1.1" 200 173 "-" "GuzzleHttp/6.3.3 curl/7.64.0 PHP/7.1.30"
172.21.0.2 - - [31/Aug/2019:21:51:25 +0000] "GET /?id=122222222 HTTP/1.1" 200 173 "-" "GuzzleHttp/6.3.3 curl/7.64.0 PHP/7.1.30"
172.21.0.1 - - [31/Aug/2019:21:52:40 +0000] "POST /wp-admin/admin-ajax.php HTTP/1.1" 200 173 "http://localhost/wp-admin/admin.php?page=wc-settings&tab=woocommerce-newsletter-image-generator-settings&section=image_hashed_string_page" "Mozilla/5.0 (Macintosh; Intel Mac OS X 10_13_4) AppleWebKit/537.36 (KHTML, like Gecko) Chrome/76.0.3809.100 Safari/537.36"
172.21.0.1 - - [31/Aug/2019:21:52:42 +0000] "POST /wp-admin/admin-ajax.php HTTP/1.1" 200 173 "http://localhost/wp-admin/upload.php" "Mozilla/5.0 (Macintosh; Intel Mac OS X 10_13_4) AppleWebKit/537.36 (KHTML, like Gecko) Chrome/76.0.3809.100 Safari/537.36"
172.21.0.1 - - [31/Aug/2019:21:52:50 +0000] "POST /wp-admin/admin-ajax.php HTTP/1.1" 200 173 "http://localhost/wp-admin/admin.php?page=wc-settings&tab=products" "Mozilla/5.0 (Macintosh; Intel Mac OS X 10_13_4) AppleWebKit/537.36 (KHTML, like Gecko) Chrome/76.0.3809.100 Safari/537.36"
172.21.0.2 - - [31/Aug/2019:21:53:05 +0000] "GET / HTTP/1.1" 200 173 "-" "GuzzleHttp/6.3.3 curl/7.64.0 PHP/7.1.30"
172.21.0.2 - - [31/Aug/2019:21:53:06 +0000] "GET /?id=1 HTTP/1.1" 200 173 "-" "GuzzleHttp/6.3.3 curl/7.64.0 PHP/7.1.30"
172.21.0.2 - - [31/Aug/2019:21:53:06 +0000] "GET /?id=122222222 HTTP/1.1" 200 173 "-" "GuzzleHttp/6.3.3 curl/7.64.0 PHP/7.1.30"
172.21.0.1 - - [31/Aug/2019:21:54:41 +0000] "POST /wp-admin/admin-ajax.php HTTP/1.1" 200 173 "http://localhost/wp-admin/admin.php?page=wc-settings&tab=woocommerce-newsletter-image-generator-settings&section=image_hashed_string_page" "Mozilla/5.0 (Macintosh; Intel Mac OS X 10_13_4) AppleWebKit/537.36 (KHTML, like Gecko) Chrome/76.0.3809.100 Safari/537.36"
172.21.0.1 - - [31/Aug/2019:21:54:43 +0000] "POST /wp-admin/admin-ajax.php HTTP/1.1" 200 173 "http://localhost/wp-admin/upload.php" "Mozilla/5.0 (Macintosh; Intel Mac OS X 10_13_4) AppleWebKit/537.36 (KHTML, like Gecko) Chrome/76.0.3809.100 Safari/537.36"
172.21.0.1 - - [31/Aug/2019:21:54:51 +0000] "POST /wp-admin/admin-ajax.php HTTP/1.1" 200 173 "http://localhost/wp-admin/admin.php?page=wc-settings&tab=products" "Mozilla/5.0 (Macintosh; Intel Mac OS X 10_13_4) AppleWebKit/537.36 (KHTML, like Gecko) Chrome/76.0.3809.100 Safari/537.36"
172.21.0.1 - - [31/Aug/2019:21:56:42 +0000] "POST /wp-admin/admin-ajax.php HTTP/1.1" 200 173 "http://localhost/wp-admin/admin.php?page=wc-settings&tab=woocommerce-newsletter-image-generator-settings&section=image_hashed_string_page" "Mozilla/5.0 (Macintosh; Intel Mac OS X 10_13_4) AppleWebKit/537.36 (KHTML, like Gecko) Chrome/76.0.3809.100 Safari/537.36"
172.21.0.1 - - [31/Aug/2019:21:56:44 +0000] "POST /wp-admin/admin-ajax.php HTTP/1.1" 200 173 "http://localhost/wp-admin/upload.php" "Mozilla/5.0 (Macintosh; Intel Mac OS X 10_13_4) AppleWebKit/537.36 (KHTML, like Gecko) Chrome/76.0.3809.100 Safari/537.36"
172.21.0.1 - - [31/Aug/2019:21:56:52 +0000] "POST /wp-admin/admin-ajax.php HTTP/1.1" 200 173 "http://localhost/wp-admin/admin.php?page=wc-settings&tab=products" "Mozilla/5.0 (Macintosh; Intel Mac OS X 10_13_4) AppleWebKit/537.36 (KHTML, like Gecko) Chrome/76.0.3809.100 Safari/537.36"
172.21.0.2 - - [31/Aug/2019:22:15:41 +0000] "GET / HTTP/1.1" 200 173 "-" "GuzzleHttp/6.3.3 curl/7.64.0 PHP/7.1.30"
172.21.0.2 - - [31/Aug/2019:22:15:41 +0000] "GET /?id=1 HTTP/1.1" 200 173 "-" "GuzzleHttp/6.3.3 curl/7.64.0 PHP/7.1.30"
172.21.0.2 - - [31/Aug/2019:22:15:42 +0000] "GET /?id=122222222 HTTP/1.1" 200 173 "-" "GuzzleHttp/6.3.3 curl/7.64.0 PHP/7.1.30"
172.21.0.2 - - [31/Aug/2019:22:18:56 +0000] "GET / HTTP/1.1" 200 173 "-" "GuzzleHttp/6.3.3 curl/7.64.0 PHP/7.1.30"
172.21.0.2 - - [31/Aug/2019:22:18:56 +0000] "GET /?id=1 HTTP/1.1" 200 173 "-" "GuzzleHttp/6.3.3 curl/7.64.0 PHP/7.1.30"
172.21.0.2 - - [31/Aug/2019:22:18:56 +0000] "GET /?id=122222222 HTTP/1.1" 200 173 "-" "GuzzleHttp/6.3.3 curl/7.64.0 PHP/7.1.30"
172.21.0.2 - - [31/Aug/2019:22:19:19 +0000] "GET / HTTP/1.1" 200 173 "-" "GuzzleHttp/6.3.3 curl/7.64.0 PHP/7.1.30"
172.21.0.2 - - [31/Aug/2019:22:19:20 +0000] "GET /?id=1 HTTP/1.1" 200 173 "-" "GuzzleHttp/6.3.3 curl/7.64.0 PHP/7.1.30"
172.21.0.2 - - [31/Aug/2019:22:19:20 +0000] "GET /?id=122222222 HTTP/1.1" 200 173 "-" "GuzzleHttp/6.3.3 curl/7.64.0 PHP/7.1.30"
172.21.0.2 - - [31/Aug/2019:22:19:42 +0000] "GET / HTTP/1.1" 200 173 "-" "GuzzleHttp/6.3.3 curl/7.64.0 PHP/7.1.30"
172.21.0.2 - - [31/Aug/2019:22:19:42 +0000] "GET /?id=1 HTTP/1.1" 200 173 "-" "GuzzleHttp/6.3.3 curl/7.64.0 PHP/7.1.30"
172.21.0.2 - - [31/Aug/2019:22:19:42 +0000] "GET /?id=122222222 HTTP/1.1" 200 173 "-" "GuzzleHttp/6.3.3 curl/7.64.0 PHP/7.1.30"
172.21.0.2 - - [31/Aug/2019:22:20:00 +0000] "GET / HTTP/1.1" 200 173 "-" "GuzzleHttp/6.3.3 curl/7.64.0 PHP/7.1.30"
172.21.0.2 - - [31/Aug/2019:22:20:00 +0000] "GET /?id=1 HTTP/1.1" 200 192 "-" "GuzzleHttp/6.3.3 curl/7.64.0 PHP/7.1.30"
172.21.0.2 - - [31/Aug/2019:22:20:00 +0000] "GET /?id=122222222 HTTP/1.1" 200 200 "-" "GuzzleHttp/6.3.3 curl/7.64.0 PHP/7.1.30"
172.21.0.2 - - [31/Aug/2019:22:20:30 +0000] "GET /?id=1 HTTP/1.1" 200 192 "-" "GuzzleHttp/6.3.3 curl/7.64.0 PHP/7.1.30"
172.21.0.2 - - [31/Aug/2019:22:20:40 +0000] "GET /?id=1 HTTP/1.1" 200 173 "-" "GuzzleHttp/6.3.3 curl/7.64.0 PHP/7.1.30"
172.21.0.2 - - [31/Aug/2019:22:21:06 +0000] "GET /?id=1 HTTP/1.1" 200 198 "-" "GuzzleHttp/6.3.3 curl/7.64.0 PHP/7.1.30"
172.21.0.1 - - [31/Aug/2019:22:27:02 +0000] "POST /wp-admin/admin-ajax.php HTTP/1.1" 200 173 "http://localhost/wp-admin/upload.php" "Mozilla/5.0 (Macintosh; Intel Mac OS X 10_13_4) AppleWebKit/537.36 (KHTML, like Gecko) Chrome/76.0.3809.100 Safari/537.36"
172.21.0.1 - - [31/Aug/2019:22:27:05 +0000] "POST /wp-admin/admin-ajax.php HTTP/1.1" 200 173 "http://localhost/wp-admin/admin.php?page=wc-settings&tab=products" "Mozilla/5.0 (Macintosh; Intel Mac OS X 10_13_4) AppleWebKit/537.36 (KHTML, like Gecko) Chrome/76.0.3809.100 Safari/537.36"
172.21.0.1 - - [31/Aug/2019:22:27:07 +0000] "POST /wp-admin/admin-ajax.php HTTP/1.1" 200 173 "http://localhost/wp-admin/admin.php?page=wc-settings&tab=woocommerce-newsletter-image-generator-settings&section=image_hashed_string_page" "Mozilla/5.0 (Macintosh; Intel Mac OS X 10_13_4) AppleWebKit/537.36 (KHTML, like Gecko) Chrome/76.0.3809.100 Safari/537.36"
172.21.0.2 - - [31/Aug/2019:22:27:18 +0000] "GET /?id=1 HTTP/1.1" 200 173 "-" "GuzzleHttp/6.3.3 curl/7.64.0 PHP/7.1.30"
172.21.0.1 - - [31/Aug/2019:22:28:03 +0000] "POST /wp-admin/admin-ajax.php HTTP/1.1" 200 173 "http://localhost/wp-admin/upload.php" "Mozilla/5.0 (Macintosh; Intel Mac OS X 10_13_4) AppleWebKit/537.36 (KHTML, like Gecko) Chrome/76.0.3809.100 Safari/537.36"
172.21.0.1 - - [31/Aug/2019:22:28:07 +0000] "POST /wp-admin/admin-ajax.php HTTP/1.1" 200 173 "http://localhost/wp-admin/admin.php?page=wc-settings&tab=products" "Mozilla/5.0 (Macintosh; Intel Mac OS X 10_13_4) AppleWebKit/537.36 (KHTML, like Gecko) Chrome/76.0.3809.100 Safari/537.36"
172.21.0.1 - - [31/Aug/2019:22:28:08 +0000] "POST /wp-admin/admin-ajax.php HTTP/1.1" 200 173 "http://localhost/wp-admin/admin.php?page=wc-settings&tab=woocommerce-newsletter-image-generator-settings&section=image_hashed_string_page" "Mozilla/5.0 (Macintosh; Intel Mac OS X 10_13_4) AppleWebKit/537.36 (KHTML, like Gecko) Chrome/76.0.3809.100 Safari/537.36"
172.21.0.2 - - [31/Aug/2019:22:29:06 +0000] "GET /?id=1 HTTP/1.1" 200 65 "-" "GuzzleHttp/6.3.3 curl/7.64.0 PHP/7.1.30"
172.21.0.2 - - [31/Aug/2019:22:29:14 +0000] "GET / HTTP/1.1" 200 173 "-" "GuzzleHttp/6.3.3 curl/7.64.0 PHP/7.1.30"
172.21.0.2 - - [31/Aug/2019:22:29:15 +0000] "GET /?id=1 HTTP/1.1" 200 65 "-" "GuzzleHttp/6.3.3 curl/7.64.0 PHP/7.1.30"
172.21.0.2 - - [31/Aug/2019:22:29:15 +0000] "GET /?id=122222222 HTTP/1.1" 200 173 "-" "GuzzleHttp/6.3.3 curl/7.64.0 PHP/7.1.30"
172.21.0.2 - - [31/Aug/2019:22:29:53 +0000] "GET / HTTP/1.1" 200 173 "-" "GuzzleHttp/6.3.3 curl/7.64.0 PHP/7.1.30"
172.21.0.2 - - [31/Aug/2019:22:29:54 +0000] "GET /?id=1 HTTP/1.1" 200 65 "-" "GuzzleHttp/6.3.3 curl/7.64.0 PHP/7.1.30"
172.21.0.2 - - [31/Aug/2019:22:29:54 +0000] "GET /?id=122222222 HTTP/1.1" 200 173 "-" "GuzzleHttp/6.3.3 curl/7.64.0 PHP/7.1.30"
172.21.0.1 - - [31/Aug/2019:22:30:04 +0000] "POST /wp-admin/admin-ajax.php HTTP/1.1" 200 173 "http://localhost/wp-admin/upload.php" "Mozilla/5.0 (Macintosh; Intel Mac OS X 10_13_4) AppleWebKit/537.36 (KHTML, like Gecko) Chrome/76.0.3809.100 Safari/537.36"
172.21.0.1 - - [31/Aug/2019:22:30:08 +0000] "POST /wp-admin/admin-ajax.php HTTP/1.1" 200 173 "http://localhost/wp-admin/admin.php?page=wc-settings&tab=products" "Mozilla/5.0 (Macintosh; Intel Mac OS X 10_13_4) AppleWebKit/537.36 (KHTML, like Gecko) Chrome/76.0.3809.100 Safari/537.36"
172.21.0.1 - - [31/Aug/2019:22:30:09 +0000] "POST /wp-admin/admin-ajax.php HTTP/1.1" 200 173 "http://localhost/wp-admin/admin.php?page=wc-settings&tab=woocommerce-newsletter-image-generator-settings&section=image_hashed_string_page" "Mozilla/5.0 (Macintosh; Intel Mac OS X 10_13_4) AppleWebKit/537.36 (KHTML, like Gecko) Chrome/76.0.3809.100 Safari/537.36"
172.21.0.2 - - [31/Aug/2019:22:31:34 +0000] "GET / HTTP/1.1" 200 173 "-" "GuzzleHttp/6.3.3 curl/7.64.0 PHP/7.1.30"
172.21.0.2 - - [31/Aug/2019:22:31:34 +0000] "GET /?id=1 HTTP/1.1" 200 65 "-" "GuzzleHttp/6.3.3 curl/7.64.0 PHP/7.1.30"
172.21.0.2 - - [31/Aug/2019:22:31:34 +0000] "GET /?id=122222222 HTTP/1.1" 200 12 "-" "GuzzleHttp/6.3.3 curl/7.64.0 PHP/7.1.30"
172.21.0.1 - - [31/Aug/2019:22:32:05 +0000] "POST /wp-admin/admin-ajax.php HTTP/1.1" 200 173 "http://localhost/wp-admin/upload.php" "Mozilla/5.0 (Macintosh; Intel Mac OS X 10_13_4) AppleWebKit/537.36 (KHTML, like Gecko) Chrome/76.0.3809.100 Safari/537.36"
172.21.0.1 - - [31/Aug/2019:22:32:10 +0000] "POST /wp-admin/admin-ajax.php HTTP/1.1" 200 173 "http://localhost/wp-admin/admin.php?page=wc-settings&tab=woocommerce-newsletter-image-generator-settings&section=image_hashed_string_page" "Mozilla/5.0 (Macintosh; Intel Mac OS X 10_13_4) AppleWebKit/537.36 (KHTML, like Gecko) Chrome/76.0.3809.100 Safari/537.36"
172.21.0.1 - - [31/Aug/2019:22:32:13 +0000] "POST /wp-admin/admin-ajax.php HTTP/1.1" 200 173 "http://localhost/wp-admin/admin.php?page=wc-settings&tab=products" "Mozilla/5.0 (Macintosh; Intel Mac OS X 10_13_4) AppleWebKit/537.36 (KHTML, like Gecko) Chrome/76.0.3809.100 Safari/537.36"
172.21.0.2 - - [31/Aug/2019:22:32:35 +0000] "GET / HTTP/1.1" 200 12 "-" "GuzzleHttp/6.3.3 curl/7.64.0 PHP/7.1.30"
172.21.0.2 - - [31/Aug/2019:22:32:35 +0000] "GET /?id=1 HTTP/1.1" 200 65 "-" "GuzzleHttp/6.3.3 curl/7.64.0 PHP/7.1.30"
172.21.0.2 - - [31/Aug/2019:22:32:35 +0000] "GET /?id=122222222 HTTP/1.1" 200 12 "-" "GuzzleHttp/6.3.3 curl/7.64.0 PHP/7.1.30"
172.21.0.2 - - [31/Aug/2019:22:34:00 +0000] "GET / HTTP/1.1" 200 12 "-" "GuzzleHttp/6.3.3 curl/7.64.0 PHP/7.1.30"
172.21.0.2 - - [31/Aug/2019:22:34:00 +0000] "GET /?id=1 HTTP/1.1" 200 65 "-" "GuzzleHttp/6.3.3 curl/7.64.0 PHP/7.1.30"
172.21.0.2 - - [31/Aug/2019:22:34:01 +0000] "GET /?id=122222222 HTTP/1.1" 200 12 "-" "GuzzleHttp/6.3.3 curl/7.64.0 PHP/7.1.30"
172.21.0.1 - - [31/Aug/2019:22:34:06 +0000] "POST /wp-admin/admin-ajax.php HTTP/1.1" 200 12 "http://localhost/wp-admin/upload.php" "Mozilla/5.0 (Macintosh; Intel Mac OS X 10_13_4) AppleWebKit/537.36 (KHTML, like Gecko) Chrome/76.0.3809.100 Safari/537.36"
172.21.0.1 - - [31/Aug/2019:22:34:11 +0000] "POST /wp-admin/admin-ajax.php HTTP/1.1" 200 12 "http://localhost/wp-admin/admin.php?page=wc-settings&tab=woocommerce-newsletter-image-generator-settings&section=image_hashed_string_page" "Mozilla/5.0 (Macintosh; Intel Mac OS X 10_13_4) AppleWebKit/537.36 (KHTML, like Gecko) Chrome/76.0.3809.100 Safari/537.36"
172.21.0.1 - - [31/Aug/2019:22:34:14 +0000] "POST /wp-admin/admin-ajax.php HTTP/1.1" 200 12 "http://localhost/wp-admin/admin.php?page=wc-settings&tab=products" "Mozilla/5.0 (Macintosh; Intel Mac OS X 10_13_4) AppleWebKit/537.36 (KHTML, like Gecko) Chrome/76.0.3809.100 Safari/537.36"
172.21.0.2 - - [31/Aug/2019:22:34:30 +0000] "GET / HTTP/1.1" 200 12 "-" "GuzzleHttp/6.3.3 curl/7.64.0 PHP/7.1.30"
172.21.0.2 - - [31/Aug/2019:22:34:30 +0000] "GET /?id=1 HTTP/1.1" 200 65 "-" "GuzzleHttp/6.3.3 curl/7.64.0 PHP/7.1.30"
172.21.0.2 - - [31/Aug/2019:22:34:31 +0000] "GET /?id=122222222 HTTP/1.1" 200 12 "-" "GuzzleHttp/6.3.3 curl/7.64.0 PHP/7.1.30"
172.21.0.2 - - [31/Aug/2019:22:34:38 +0000] "GET / HTTP/1.1" 200 12 "-" "GuzzleHttp/6.3.3 curl/7.64.0 PHP/7.1.30"
172.21.0.2 - - [31/Aug/2019:22:34:39 +0000] "GET /?id=1 HTTP/1.1" 200 65 "-" "GuzzleHttp/6.3.3 curl/7.64.0 PHP/7.1.30"
172.21.0.2 - - [31/Aug/2019:22:34:39 +0000] "GET /?id=122222222 HTTP/1.1" 200 12 "-" "GuzzleHttp/6.3.3 curl/7.64.0 PHP/7.1.30"
172.21.0.2 - - [31/Aug/2019:22:36:03 +0000] "GET / HTTP/1.1" 200 501 "-" "GuzzleHttp/6.3.3 curl/7.64.0 PHP/7.1.30"
172.21.0.2 - - [31/Aug/2019:22:36:03 +0000] "GET /?id=1 HTTP/1.1" 200 501 "-" "GuzzleHttp/6.3.3 curl/7.64.0 PHP/7.1.30"
172.21.0.2 - - [31/Aug/2019:22:36:03 +0000] "GET /?id=122222222 HTTP/1.1" 200 501 "-" "GuzzleHttp/6.3.3 curl/7.64.0 PHP/7.1.30"
172.21.0.1 - - [31/Aug/2019:22:36:07 +0000] "POST /wp-admin/admin-ajax.php HTTP/1.1" 200 501 "http://localhost/wp-admin/upload.php" "Mozilla/5.0 (Macintosh; Intel Mac OS X 10_13_4) AppleWebKit/537.36 (KHTML, like Gecko) Chrome/76.0.3809.100 Safari/537.36"
172.21.0.1 - - [31/Aug/2019:22:36:12 +0000] "POST /wp-admin/admin-ajax.php HTTP/1.1" 200 501 "http://localhost/wp-admin/admin.php?page=wc-settings&tab=woocommerce-newsletter-image-generator-settings&section=image_hashed_string_page" "Mozilla/5.0 (Macintosh; Intel Mac OS X 10_13_4) AppleWebKit/537.36 (KHTML, like Gecko) Chrome/76.0.3809.100 Safari/537.36"
172.21.0.1 - - [31/Aug/2019:22:36:15 +0000] "POST /wp-admin/admin-ajax.php HTTP/1.1" 200 501 "http://localhost/wp-admin/admin.php?page=wc-settings&tab=products" "Mozilla/5.0 (Macintosh; Intel Mac OS X 10_13_4) AppleWebKit/537.36 (KHTML, like Gecko) Chrome/76.0.3809.100 Safari/537.36"
172.21.0.1 - - [31/Aug/2019:22:45:35 +0000] "POST /wp-admin/admin-ajax.php HTTP/1.1" 200 12 "http://localhost/wp-admin/admin.php?page=wc-settings&tab=products" "Mozilla/5.0 (Macintosh; Intel Mac OS X 10_13_4) AppleWebKit/537.36 (KHTML, like Gecko) Chrome/76.0.3809.100 Safari/537.36"
172.21.0.1 - - [31/Aug/2019:22:45:35 +0000] "POST /wp-admin/admin-ajax.php HTTP/1.1" 200 12 "http://localhost/wp-admin/upload.php" "Mozilla/5.0 (Macintosh; Intel Mac OS X 10_13_4) AppleWebKit/537.36 (KHTML, like Gecko) Chrome/76.0.3809.100 Safari/537.36"
172.21.0.2 - - [31/Aug/2019:22:46:30 +0000] "GET / HTTP/1.1" 200 12 "-" "GuzzleHttp/6.3.3 curl/7.64.0 PHP/7.1.30"
172.21.0.2 - - [31/Aug/2019:22:46:30 +0000] "GET /?id=1 HTTP/1.1" 200 65 "-" "GuzzleHttp/6.3.3 curl/7.64.0 PHP/7.1.30"
172.21.0.2 - - [31/Aug/2019:22:46:30 +0000] "GET /?id=122222222 HTTP/1.1" 200 12 "-" "GuzzleHttp/6.3.3 curl/7.64.0 PHP/7.1.30"
172.21.0.1 - - [31/Aug/2019:22:46:35 +0000] "POST /wp-admin/admin-ajax.php HTTP/1.1" 200 12 "http://localhost/wp-admin/admin.php?page=wc-settings&tab=products" "Mozilla/5.0 (Macintosh; Intel Mac OS X 10_13_4) AppleWebKit/537.36 (KHTML, like Gecko) Chrome/76.0.3809.100 Safari/537.36"
172.21.0.1 - - [31/Aug/2019:22:46:36 +0000] "POST /wp-admin/admin-ajax.php HTTP/1.1" 200 12 "http://localhost/wp-admin/upload.php" "Mozilla/5.0 (Macintosh; Intel Mac OS X 10_13_4) AppleWebKit/537.36 (KHTML, like Gecko) Chrome/76.0.3809.100 Safari/537.36"
172.21.0.1 - - [31/Aug/2019:22:48:37 +0000] "POST /wp-admin/admin-ajax.php HTTP/1.1" 200 12 "http://localhost/wp-admin/upload.php" "Mozilla/5.0 (Macintosh; Intel Mac OS X 10_13_4) AppleWebKit/537.36 (KHTML, like Gecko) Chrome/76.0.3809.100 Safari/537.36"
172.21.0.1 - - [31/Aug/2019:22:48:37 +0000] "POST /wp-admin/admin-ajax.php HTTP/1.1" 200 12 "http://localhost/wp-admin/admin.php?page=wc-settings&tab=products" "Mozilla/5.0 (Macintosh; Intel Mac OS X 10_13_4) AppleWebKit/537.36 (KHTML, like Gecko) Chrome/76.0.3809.100 Safari/537.36"
172.21.0.2 - - [31/Aug/2019:22:50:01 +0000] "GET / HTTP/1.1" 200 173 "-" "GuzzleHttp/6.3.3 curl/7.64.0 PHP/7.1.30"
172.21.0.2 - - [31/Aug/2019:22:50:02 +0000] "GET /?id=1 HTTP/1.1" 200 65 "-" "GuzzleHttp/6.3.3 curl/7.64.0 PHP/7.1.30"
172.21.0.2 - - [31/Aug/2019:22:50:02 +0000] "GET /?id=122222222 HTTP/1.1" 200 173 "-" "GuzzleHttp/6.3.3 curl/7.64.0 PHP/7.1.30"
172.21.0.1 - - [31/Aug/2019:22:50:38 +0000] "POST /wp-admin/admin-ajax.php HTTP/1.1" 200 173 "http://localhost/wp-admin/upload.php" "Mozilla/5.0 (Macintosh; Intel Mac OS X 10_13_4) AppleWebKit/537.36 (KHTML, like Gecko) Chrome/76.0.3809.100 Safari/537.36"
172.21.0.1 - - [31/Aug/2019:22:50:40 +0000] "POST /wp-admin/admin-ajax.php HTTP/1.1" 200 173 "http://localhost/wp-admin/admin.php?page=wc-settings&tab=products" "Mozilla/5.0 (Macintosh; Intel Mac OS X 10_13_4) AppleWebKit/537.36 (KHTML, like Gecko) Chrome/76.0.3809.100 Safari/537.36"
172.21.0.1 - - [31/Aug/2019:22:52:39 +0000] "POST /wp-admin/admin-ajax.php HTTP/1.1" 200 173 "http://localhost/wp-admin/upload.php" "Mozilla/5.0 (Macintosh; Intel Mac OS X 10_13_4) AppleWebKit/537.36 (KHTML, like Gecko) Chrome/76.0.3809.100 Safari/537.36"
172.21.0.1 - - [31/Aug/2019:22:52:41 +0000] "POST /wp-admin/admin-ajax.php HTTP/1.1" 200 173 "http://localhost/wp-admin/admin.php?page=wc-settings&tab=products" "Mozilla/5.0 (Macintosh; Intel Mac OS X 10_13_4) AppleWebKit/537.36 (KHTML, like Gecko) Chrome/76.0.3809.100 Safari/537.36"
172.21.0.1 - - [31/Aug/2019:22:54:40 +0000] "POST /wp-admin/admin-ajax.php HTTP/1.1" 200 173 "http://localhost/wp-admin/upload.php" "Mozilla/5.0 (Macintosh; Intel Mac OS X 10_13_4) AppleWebKit/537.36 (KHTML, like Gecko) Chrome/76.0.3809.100 Safari/537.36"
172.21.0.1 - - [31/Aug/2019:22:54:41 +0000] "POST /wp-admin/admin-ajax.php HTTP/1.1" 200 173 "http://localhost/wp-admin/admin.php?page=wc-settings&tab=products" "Mozilla/5.0 (Macintosh; Intel Mac OS X 10_13_4) AppleWebKit/537.36 (KHTML, like Gecko) Chrome/76.0.3809.100 Safari/537.36"
172.21.0.2 - - [31/Aug/2019:22:57:55 +0000] "GET / HTTP/1.1" 200 173 "-" "GuzzleHttp/6.3.3 curl/7.64.0 PHP/7.1.30"
172.21.0.2 - - [31/Aug/2019:22:57:55 +0000] "GET /?id=1 HTTP/1.1" 200 65 "-" "GuzzleHttp/6.3.3 curl/7.64.0 PHP/7.1.30"
172.21.0.2 - - [31/Aug/2019:22:57:55 +0000] "GET /?id=122222222 HTTP/1.1" 200 173 "-" "GuzzleHttp/6.3.3 curl/7.64.0 PHP/7.1.30"
172.21.0.2 - - [31/Aug/2019:23:03:41 +0000] "GET / HTTP/1.1" 200 173 "-" "GuzzleHttp/6.3.3 curl/7.64.0 PHP/7.1.30"
172.21.0.2 - - [31/Aug/2019:23:03:41 +0000] "GET /?id=1 HTTP/1.1" 200 65 "-" "GuzzleHttp/6.3.3 curl/7.64.0 PHP/7.1.30"
172.21.0.2 - - [31/Aug/2019:23:03:41 +0000] "GET /?id=122222222 HTTP/1.1" 200 173 "-" "GuzzleHttp/6.3.3 curl/7.64.0 PHP/7.1.30"
172.21.0.2 - - [01/Sep/2019:00:06:51 +0000] "GET / HTTP/1.1" 200 167 "-" "GuzzleHttp/6.3.3 curl/7.64.0 PHP/7.1.30"
172.21.0.2 - - [01/Sep/2019:00:06:51 +0000] "GET /?id=1 HTTP/1.1" 200 167 "-" "GuzzleHttp/6.3.3 curl/7.64.0 PHP/7.1.30"
172.21.0.2 - - [01/Sep/2019:00:06:51 +0000] "GET /?id=122222222 HTTP/1.1" 200 167 "-" "GuzzleHttp/6.3.3 curl/7.64.0 PHP/7.1.30"
172.21.0.1 - - [01/Sep/2019:00:06:58 +0000] "POST /wp-admin/admin-ajax.php HTTP/1.1" 200 167 "http://localhost/wp-admin/upload.php" "Mozilla/5.0 (Macintosh; Intel Mac OS X 10_13_4) AppleWebKit/537.36 (KHTML, like Gecko) Chrome/76.0.3809.100 Safari/537.36"
172.21.0.1 - - [01/Sep/2019:00:06:59 +0000] "POST /wp-admin/admin-ajax.php HTTP/1.1" 200 167 "http://localhost/wp-admin/admin.php?page=wc-settings&tab=products" "Mozilla/5.0 (Macintosh; Intel Mac OS X 10_13_4) AppleWebKit/537.36 (KHTML, like Gecko) Chrome/76.0.3809.100 Safari/537.36"
172.21.0.1 - - [01/Sep/2019:00:07:01 +0000] "GET / HTTP/1.1" 200 167 "-" "Mozilla/5.0 (Macintosh; Intel Mac OS X 10_13_4) AppleWebKit/537.36 (KHTML, like Gecko) Chrome/76.0.3809.100 Safari/537.36"
172.21.0.1 - - [01/Sep/2019:00:07:01 +0000] "GET /favicon.ico HTTP/1.1" 200 167 "http://localhost/" "Mozilla/5.0 (Macintosh; Intel Mac OS X 10_13_4) AppleWebKit/537.36 (KHTML, like Gecko) Chrome/76.0.3809.100 Safari/537.36"
172.21.0.1 - - [01/Sep/2019:00:07:13 +0000] "GET / HTTP/1.1" 200 199 "-" "Mozilla/5.0 (Macintosh; Intel Mac OS X 10_13_4) AppleWebKit/537.36 (KHTML, like Gecko) Chrome/76.0.3809.100 Safari/537.36"
172.21.0.1 - - [01/Sep/2019:00:07:14 +0000] "GET /favicon.ico HTTP/1.1" 200 199 "http://localhost/" "Mozilla/5.0 (Macintosh; Intel Mac OS X 10_13_4) AppleWebKit/537.36 (KHTML, like Gecko) Chrome/76.0.3809.100 Safari/537.36"
172.21.0.1 - - [01/Sep/2019:00:07:49 +0000] "GET / HTTP/1.1" 200 167 "-" "Mozilla/5.0 (Macintosh; Intel Mac OS X 10_13_4) AppleWebKit/537.36 (KHTML, like Gecko) Chrome/76.0.3809.100 Safari/537.36"
172.21.0.1 - - [01/Sep/2019:00:07:49 +0000] "GET /favicon.ico HTTP/1.1" 200 167 "http://localhost/" "Mozilla/5.0 (Macintosh; Intel Mac OS X 10_13_4) AppleWebKit/537.36 (KHTML, like Gecko) Chrome/76.0.3809.100 Safari/537.36"
172.21.0.1 - - [01/Sep/2019:00:07:59 +0000] "POST /wp-admin/admin-ajax.php HTTP/1.1" 200 167 "http://localhost/wp-admin/admin.php?page=wc-settings&tab=products" "Mozilla/5.0 (Macintosh; Intel Mac OS X 10_13_4) AppleWebKit/537.36 (KHTML, like Gecko) Chrome/76.0.3809.100 Safari/537.36"
172.21.0.1 - - [01/Sep/2019:00:08:09 +0000] "GET /?id=1 HTTP/1.1" 200 167 "-" "Mozilla/5.0 (Macintosh; Intel Mac OS X 10_13_4) AppleWebKit/537.36 (KHTML, like Gecko) Chrome/76.0.3809.100 Safari/537.36"
172.21.0.1 - - [01/Sep/2019:00:08:09 +0000] "GET /favicon.ico HTTP/1.1" 200 167 "http://localhost/?id=1" "Mozilla/5.0 (Macintosh; Intel Mac OS X 10_13_4) AppleWebKit/537.36 (KHTML, like Gecko) Chrome/76.0.3809.100 Safari/537.36"
172.21.0.1 - - [01/Sep/2019:00:08:59 +0000] "POST /wp-admin/admin-ajax.php HTTP/1.1" 200 167 "http://localhost/wp-admin/upload.php" "Mozilla/5.0 (Macintosh; Intel Mac OS X 10_13_4) AppleWebKit/537.36 (KHTML, like Gecko) Chrome/76.0.3809.100 Safari/537.36"
172.21.0.1 - - [01/Sep/2019:00:09:08 +0000] "GET /?id=1 HTTP/1.1" 200 7455 "-" "Mozilla/5.0 (Macintosh; Intel Mac OS X 10_13_4) AppleWebKit/537.36 (KHTML, like Gecko) Chrome/76.0.3809.100 Safari/537.36"
172.21.0.1 - - [01/Sep/2019:00:09:08 +0000] "GET /favicon.ico HTTP/1.1" 200 2049 "http://localhost/?id=1" "Mozilla/5.0 (Macintosh; Intel Mac OS X 10_13_4) AppleWebKit/537.36 (KHTML, like Gecko) Chrome/76.0.3809.100 Safari/537.36"
172.21.0.1 - - [01/Sep/2019:00:09:23 +0000] "GET /?id=1 HTTP/1.1" 200 70 "-" "Mozilla/5.0 (Macintosh; Intel Mac OS X 10_13_4) AppleWebKit/537.36 (KHTML, like Gecko) Chrome/76.0.3809.100 Safari/537.36"
172.21.0.1 - - [01/Sep/2019:00:09:24 +0000] "GET /favicon.ico HTTP/1.1" 200 70 "http://localhost/?id=1" "Mozilla/5.0 (Macintosh; Intel Mac OS X 10_13_4) AppleWebKit/537.36 (KHTML, like Gecko) Chrome/76.0.3809.100 Safari/537.36"
172.21.0.1 - - [01/Sep/2019:00:09:57 +0000] "GET /?id=1 HTTP/1.1" 200 89 "-" "Mozilla/5.0 (Macintosh; Intel Mac OS X 10_13_4) AppleWebKit/537.36 (KHTML, like Gecko) Chrome/76.0.3809.100 Safari/537.36"
172.21.0.1 - - [01/Sep/2019:00:09:58 +0000] "GET /favicon.ico HTTP/1.1" 200 89 "http://localhost/?id=1" "Mozilla/5.0 (Macintosh; Intel Mac OS X 10_13_4) AppleWebKit/537.36 (KHTML, like Gecko) Chrome/76.0.3809.100 Safari/537.36"
172.21.0.1 - - [01/Sep/2019:00:09:58 +0000] "GET /?id=1 HTTP/1.1" 200 89 "-" "Mozilla/5.0 (Macintosh; Intel Mac OS X 10_13_4) AppleWebKit/537.36 (KHTML, like Gecko) Chrome/76.0.3809.100 Safari/537.36"
